// Jest Snapshot v1, https://goo.gl/fbAQLP

exports[`Clicking the button calls event handler once 1`] = `
Object {
  "asFragment": [Function],
  "baseElement": <body>
    <div>
      <section
        class="modal"
      >
        <div
          class="modal__container"
        >
          <button
            class="btn__close"
            type="button"
          >
            close
            <img
              alt="IconClose"
              class="modal__img"
              src="./assets/close.svg"
            />
          </button>
          <img
            alt="AstroCat"
            class="modal__img"
            src="./assets/GatoAlert.svg"
          />
          <h3
            class="modal__title"
          >
            ¿Estas segur@ que quieres eliminar la nota?
          </h3>
          <p
            class="modal__text"
          >
            * Al eliminar la nota no podrás recuperarla * 
          </p>
          <div
            class="modal__btns"
          >
            <button
              class="modal__btnCancel"
            >
              Cancelar
            </button>
            <button
              class="delete"
            >
              Eliminar Nota
            </button>
          </div>
        </div>
      </section>
    </div>
  </body>,
  "container": <div>
    <section
      class="modal"
    >
      <div
        class="modal__container"
      >
        <button
          class="btn__close"
          type="button"
        >
          close
          <img
            alt="IconClose"
            class="modal__img"
            src="./assets/close.svg"
          />
        </button>
        <img
          alt="AstroCat"
          class="modal__img"
          src="./assets/GatoAlert.svg"
        />
        <h3
          class="modal__title"
        >
          ¿Estas segur@ que quieres eliminar la nota?
        </h3>
        <p
          class="modal__text"
        >
          * Al eliminar la nota no podrás recuperarla * 
        </p>
        <div
          class="modal__btns"
        >
          <button
            class="modal__btnCancel"
          >
            Cancelar
          </button>
          <button
            class="delete"
          >
            Eliminar Nota
          </button>
        </div>
      </div>
    </section>
  </div>,
  "debug": [Function],
  "findAllByAltText": [Function],
  "findAllByDisplayValue": [Function],
  "findAllByLabelText": [Function],
  "findAllByPlaceholderText": [Function],
  "findAllByRole": [Function],
  "findAllByTestId": [Function],
  "findAllByText": [Function],
  "findAllByTitle": [Function],
  "findByAltText": [Function],
  "findByDisplayValue": [Function],
  "findByLabelText": [Function],
  "findByPlaceholderText": [Function],
  "findByRole": [Function],
  "findByTestId": [Function],
  "findByText": [Function],
  "findByTitle": [Function],
  "getAllByAltText": [Function],
  "getAllByDisplayValue": [Function],
  "getAllByLabelText": [Function],
  "getAllByPlaceholderText": [Function],
  "getAllByRole": [Function],
  "getAllByTestId": [Function],
  "getAllByText": [Function],
  "getAllByTitle": [Function],
  "getByAltText": [Function],
  "getByDisplayValue": [Function],
  "getByLabelText": [Function],
  "getByPlaceholderText": [Function],
  "getByRole": [Function],
  "getByTestId": [Function],
  "getByText": [Function],
  "getByTitle": [Function],
  "queryAllByAltText": [Function],
  "queryAllByDisplayValue": [Function],
  "queryAllByLabelText": [Function],
  "queryAllByPlaceholderText": [Function],
  "queryAllByRole": [Function],
  "queryAllByTestId": [Function],
  "queryAllByText": [Function],
  "queryAllByTitle": [Function],
  "queryByAltText": [Function],
  "queryByDisplayValue": [Function],
  "queryByLabelText": [Function],
  "queryByPlaceholderText": [Function],
  "queryByRole": [Function],
  "queryByTestId": [Function],
  "queryByText": [Function],
  "queryByTitle": [Function],
  "rerender": [Function],
  "unmount": [Function],
}
`;
